/*C11*/SET SCHEMA PUBLIC
INSERT INTO PERSON VALUES(4,'talal','walid','talal@gmail.com')
INSERT INTO HOME VALUES(5,'hebss',1,20.0E0,4)
INSERT INTO PERSON VALUES(5,'kaziku','hirajuma','kaziku@gmail.com')
INSERT INTO HOME VALUES(6,'shrine',4,120.0E0,5)
COMMIT
/*C16*/SET SCHEMA PUBLIC
DISCONNECT
/*C15*/SET SCHEMA PUBLIC
DISCONNECT
/*C14*/SET SCHEMA PUBLIC
DISCONNECT
/*C13*/SET SCHEMA PUBLIC
DISCONNECT
/*C12*/SET SCHEMA PUBLIC
DISCONNECT
/*C11*/DISCONNECT
/*C22*/SET SCHEMA PUBLIC
DISCONNECT
/*C23*/SET SCHEMA PUBLIC
DISCONNECT
/*C17*/SET SCHEMA PUBLIC
DISCONNECT
/*C21*/SET SCHEMA PUBLIC
DISCONNECT
/*C20*/SET SCHEMA PUBLIC
DISCONNECT
/*C18*/SET SCHEMA PUBLIC
DISCONNECT
/*C19*/SET SCHEMA PUBLIC
DISCONNECT
/*C10*/SET SCHEMA PUBLIC
DISCONNECT
/*C24*/SET SCHEMA PUBLIC
alter table ElectronicDevice add column edName varchar(255)
alter table Heater add column hName varchar(255)
INSERT INTO PERSON VALUES(6,'Anas','Anas','anas@gmail.com')
COMMIT
DISCONNECT
/*C25*/SET SCHEMA PUBLIC
INSERT INTO PERSON VALUES(7,'Kezibri','Anas','anas.kezibri@gmail.com')
COMMIT
DISCONNECT
/*C26*/SET SCHEMA PUBLIC
INSERT INTO PERSON VALUES(8,'mouse','miky','mm@outlook.com')
COMMIT
/*C27*/SET SCHEMA PUBLIC
INSERT INTO PERSON VALUES(9,'mouse','miky','mm@outlook.com')
COMMIT
/*C26*/DISCONNECT
/*C27*/DISCONNECT
/*C28*/SET SCHEMA PUBLIC
INSERT INTO PERSON VALUES(10,'Okik','Kiko','ok@gmail.com')
COMMIT
DISCONNECT
/*C29*/SET SCHEMA PUBLIC
INSERT INTO PERSON VALUES(11,'Okik','Kiko','ok@gmail.com')
COMMIT
/*C30*/SET SCHEMA PUBLIC
INSERT INTO HOME VALUES(7,'kherba',0,0.0E0,NULL)
COMMIT
/*C32*/SET SCHEMA PUBLIC
INSERT INTO HOME VALUES(8,'kherba',1,60.0E0,7)
COMMIT
/*C33*/SET SCHEMA PUBLIC
INSERT INTO HOME VALUES(9,'kherba',1,60.0E0,7)
COMMIT
/*C9*/SET SCHEMA PUBLIC
DELETE FROM HOME WHERE ID=7
COMMIT
/*C33*/DISCONNECT
/*C29*/DISCONNECT
/*C34*/SET SCHEMA PUBLIC
INSERT INTO PERSON VALUES(12,'kilo','himo','kilo@yahoo.com')
COMMIT
DISCONNECT
/*C35*/SET SCHEMA PUBLIC
INSERT INTO PERSON VALUES(13,'foulla','fifi','falafel@hotmail.com')
COMMIT
DISCONNECT
/*C36*/SET SCHEMA PUBLIC
INSERT INTO PERSON VALUES(14,'tolip','loyt','lot@gmail.com')
COMMIT
DISCONNECT
/*C37*/SET SCHEMA PUBLIC
INSERT INTO PERSON VALUES(15,'molp','jiu','jmp@yahoo.fr')
COMMIT
DISCONNECT
/*C38*/SET SCHEMA PUBLIC
INSERT INTO PERSON VALUES(16,'fxhj','hyujn','opjro@dusvhj.grdg')
COMMIT
DISCONNECT
/*C39*/SET SCHEMA PUBLIC
DISCONNECT
/*C44*/SET SCHEMA PUBLIC
INSERT INTO PERSON VALUES(17,'moki','jeki','moki@jk.ma')
COMMIT
/*C43*/SET SCHEMA PUBLIC
DISCONNECT
/*C40*/SET SCHEMA PUBLIC
DISCONNECT
/*C41*/SET SCHEMA PUBLIC
DISCONNECT
/*C44*/DISCONNECT
/*C42*/SET SCHEMA PUBLIC
DISCONNECT
/*C45*/SET SCHEMA PUBLIC
DISCONNECT
/*C46*/SET SCHEMA PUBLIC
DISCONNECT
/*C47*/SET SCHEMA PUBLIC
DISCONNECT
/*C9*/DISCONNECT
/*C48*/SET SCHEMA PUBLIC
DISCONNECT
/*C50*/SET SCHEMA PUBLIC
DISCONNECT
/*C51*/SET SCHEMA PUBLIC
DISCONNECT
/*C30*/DISCONNECT
/*C32*/DISCONNECT
/*C31*/SET SCHEMA PUBLIC
DISCONNECT
/*C49*/SET SCHEMA PUBLIC
DISCONNECT
/*C52*/SET SCHEMA PUBLIC
DISCONNECT
/*C53*/SET SCHEMA PUBLIC
DISCONNECT
/*C54*/SET SCHEMA PUBLIC
DISCONNECT
/*C55*/SET SCHEMA PUBLIC
DISCONNECT
/*C57*/SET SCHEMA PUBLIC
INSERT INTO HOME VALUES(10,'Qser',3,150.0E0,10)
COMMIT
DISCONNECT
/*C56*/SET SCHEMA PUBLIC
DISCONNECT
/*C59*/SET SCHEMA PUBLIC
INSERT INTO HOME VALUES(11,'Dwira',5,80.0E0,17)
COMMIT
DISCONNECT
/*C58*/SET SCHEMA PUBLIC
DISCONNECT
/*C61*/SET SCHEMA PUBLIC
INSERT INTO HOME VALUES(12,'studio',1,60.0E0,16)
COMMIT
